Found 9 error(s).

node.exe : [96msrc/informes/informes.service.ts[0m:[93m39[0m:[93m11[0m - [91merror[0m[90m TS7034: 
[0mVariable 'criterios' implicitly has type 'any[]' in some locations where its type cannot be determined.
En línea: 1 Carácter: 1
+ & "C:\Program Files\nodejs/node.exe" "C:\Program Files\nodejs/node_mo ...
+ ~~~~~~~~~~~~~~~~~~~~~~~~~~~~~~~~~~~~~~~~~~~~~~~~~~~~~~~~~~~~~~~~~~~~~
    + CategoryInfo          : NotSpecified: ([96msrc/inform... be determined.:String) [], RemoteException
    + FullyQualifiedErrorId : NativeCommandError
 

[7m39[0m       let criterios = [];
[7m  [0m [91m          ~~~~~~~~~[0m
[96msrc/informes/informes.service.ts[0m:[93m52[0m:[93m41[0m - [91merror[0m[90m TS2339: [0mProperty 
'nombre_empresa' does not exist on type 'Empresa'.

[7m52[0m         empresa: ins.pasantia?.empresa?.nombre_empresa || 'Empresa Desconocida',
[7m  [0m [91m                                        ~~~~~~~~~~~~~~[0m
[96msrc/informes/informes.service.ts[0m:[93m53[0m:[93m30[0m - [91merror[0m[90m TS2551: [0mProperty 
'titulo_pasantia' does not exist on type 'Pasantia'. Did you mean 'id_pasantia'?

[7m53[0m         cargo: ins.pasantia?.titulo_pasantia || 'Cargo No Especificado',
[7m  [0m [91m                             ~~~~~~~~~~~~~~~[0m

  [96msrc/pasantias/entities/pasantia.entity.ts[0m:[93m16[0m:[93m3[0m
    [7m16[0m   id_pasantia: number;
    [7m  [0m [96m  ~~~~~~~~~~~[0m
    'id_pasantia' is declared here.
[96msrc/informes/informes.service.ts[0m:[93m57[0m:[93m30[0m - [91merror[0m[90m TS2339: [0mProperty 'nombre' 
does not exist on type 'JefePasantes'.

[7m57[0m         evaluador: ins.jefe?.nombre || 'Jefe no asignado',
[7m  [0m [91m                             ~~~~~~[0m
[96msrc/informes/informes.service.ts[0m:[93m59[0m:[93m20[0m - [91merror[0m[90m TS7005: [0mVariable 
'criterios' implicitly has an 'any[]' type.

[7m59[0m         criterios: criterios,
[7m  [0m [91m                   ~~~~~~~~~[0m
[96msrc/informes/informes.service.ts[0m:[93m96[0m:[93m23[0m - [91merror[0m[90m TS2351: [0mThis expression is 
not constructable.
  Type '{ default: PDFDocument; version: number; compress: boolean; info: DocumentInfo; options: PDFDocumentOptions; 
page: PDFPage; x: number; ... 124 more ...; endOutline(): void; }' has no construct signatures.

[7m96[0m       const doc = new PDFDocument({ margin: 50 });
[7m  [0m [91m                      ~~~~~~~~~~~[0m

  [96msrc/informes/informes.service.ts[0m:[93m6[0m:[93m1[0m
    [7m6[0m import * as PDFDocument from 'pdfkit';
    [7m [0m [96m~~~~~~~~~~~~~~~~~~~~~~~~~~~~~~~~~~~~~~[0m
    Type originates at this import. A namespace-style import cannot be called or constructed, and will cause a failure 
at runtime. Consider using a default import or import require here instead.
[96msrc/informes/informes.service.ts[0m:[93m104[0m:[93m81[0m - [91merror[0m[90m TS2339: [0mProperty 
'nombre_empresa' does not exist on type 'Empresa'.

[7m104[0m       doc.fontSize(12).text(`Empresa: ${informe.inscripcion?.pasantia?.empresa?.nombre_empresa || 'N/A'}`);
[7m   [0m [91m                                                                                ~~~~~~~~~~~~~~[0m
[96msrc/informes/informes.service.ts[0m:[93m105[0m:[93m57[0m - [91merror[0m[90m TS2551: [0mProperty 
'titulo_pasantia' does not exist on type 'Pasantia'. Did you mean 'id_pasantia'?

[7m105[0m       doc.text(`Cargo: ${informe.inscripcion?.pasantia?.titulo_pasantia || 'N/A'}`);
[7m   [0m [91m                                                        ~~~~~~~~~~~~~~~[0m

  [96msrc/pasantias/entities/pasantia.entity.ts[0m:[93m16[0m:[93m3[0m
    [7m16[0m   id_pasantia: number;
    [7m  [0m [96m  ~~~~~~~~~~~[0m
    'id_pasantia' is declared here.
[96msrc/informes/informes.service.ts[0m:[93m106[0m:[93m44[0m - [91merror[0m[90m TS2339: [0mProperty 'nombre' 
does not exist on type 'JefePasantes'.

[7m106[0m       doc.text(`Evaluador: ${informe.jefe?.nombre || 'N/A'}`);
[7m   [0m [91m                                           ~~~~~~[0m

